2025-04-01 01:35:08,249 DEBUG test logger
2025-04-01 01:35:09,705 DEBUG test logger
2025-04-01 01:36:42,535 ERROR test logger
2025-04-01 01:36:48,478 ERROR test logger
2025-04-01 01:46:47,094 DEBUG test logger here
2025-04-01 01:47:10,192 DEBUG test logger here
2025-04-01 15:46:44,023 DEBUG {'email': 'admin@example.com', 'hashed_password': '$2b$12$ZXVTgRk0o2oNEmCzUIEnt.tKUZ/UAduzJoGHaf6FKyobs34Hs//Nu', 'first_name': 'Admin', 'is_approved': True, 'id': UUID('b35ba74a-b05f-4867-a690-a7a9ec98d456'), 'last_name': 'User', 'role': 'admin', 'exp': datetime.datetime(2025, 4, 16, 15, 46, 44, 23014)}
2025-04-01 15:46:59,833 DEBUG {'email': 'admin@example.com', 'hashed_password': '$2b$12$ZXVTgRk0o2oNEmCzUIEnt.tKUZ/UAduzJoGHaf6FKyobs34Hs//Nu', 'first_name': 'Admin', 'is_approved': True, 'id': UUID('b35ba74a-b05f-4867-a690-a7a9ec98d456'), 'last_name': 'User', 'role': 'admin', 'exp': datetime.datetime(2025, 4, 16, 13, 46, 59, 833639)}
2025-04-01 15:59:13,373 DEBUG {'last_name': 'User', 'id': UUID('b35ba74a-b05f-4867-a690-a7a9ec98d456'), 'role': 'admin', 'hashed_password': '$2b$12$ZXVTgRk0o2oNEmCzUIEnt.tKUZ/UAduzJoGHaf6FKyobs34Hs//Nu', 'email': 'admin@example.com', 'first_name': 'Admin', 'is_approved': True, 'exp': datetime.datetime(2025, 4, 16, 13, 59, 13, 373738)}
2025-04-01 16:00:54,661 DEBUG {'last_name': 'User', 'id': 'b35ba74a-b05f-4867-a690-a7a9ec98d456', 'role': 'admin', 'hashed_password': '$2b$12$ZXVTgRk0o2oNEmCzUIEnt.tKUZ/UAduzJoGHaf6FKyobs34Hs//Nu', 'email': 'admin@example.com', 'first_name': 'Admin', 'is_approved': True, 'exp': datetime.datetime(2025, 4, 16, 14, 0, 54, 661694)}
2025-04-01 16:10:31,575 DEBUG {'email': 'admin@example.com', 'hashed_password': '$2b$12$ZXVTgRk0o2oNEmCzUIEnt.tKUZ/UAduzJoGHaf6FKyobs34Hs//Nu', 'first_name': 'Admin', 'is_approved': True, 'last_name': 'User', 'id': 'b35ba74a-b05f-4867-a690-a7a9ec98d456', 'role': 'admin', 'exp': datetime.datetime(2025, 4, 16, 14, 10, 31, 575318)}
2025-04-01 16:12:05,715 DEBUG {'email': 'admin@example.com', 'hashed_password': '$2b$12$ZXVTgRk0o2oNEmCzUIEnt.tKUZ/UAduzJoGHaf6FKyobs34Hs//Nu', 'first_name': 'Admin', 'is_approved': True, 'last_name': 'User', 'id': 'b35ba74a-b05f-4867-a690-a7a9ec98d456', 'role': 'admin', 'exp': 1744812631}
2025-04-01 16:12:05,735 DEBUG last_name='User' id=UUID('b35ba74a-b05f-4867-a690-a7a9ec98d456') role='admin' hashed_password='$2b$12$ZXVTgRk0o2oNEmCzUIEnt.tKUZ/UAduzJoGHaf6FKyobs34Hs//Nu' email='admin@example.com' first_name='Admin' is_approved=True salt=b'$2b$12$ZXVTgRk0o2oNEmCzUIEnt.'
2025-04-01 16:12:28,964 DEBUG {'email': 'admin@example.com', 'hashed_password': '$2b$12$ZXVTgRk0o2oNEmCzUIEnt.tKUZ/UAduzJoGHaf6FKyobs34Hs//Nu', 'first_name': 'Admin', 'is_approved': True, 'last_name': 'User', 'id': 'b35ba74a-b05f-4867-a690-a7a9ec98d456', 'role': 'admin', 'exp': 1744812631}
2025-04-01 16:12:28,981 DEBUG first_name='Admin' email='admin@example.com' hashed_password='$2b$12$ZXVTgRk0o2oNEmCzUIEnt.tKUZ/UAduzJoGHaf6FKyobs34Hs//Nu' is_approved=True salt=b'$2b$12$ZXVTgRk0o2oNEmCzUIEnt.' id=UUID('b35ba74a-b05f-4867-a690-a7a9ec98d456') last_name='User' role='admin'
2025-04-01 16:12:28,981 DEBUG eyJhbGciOiJIUzI1NiIsInR5cCI6IkpXVCJ9.eyJlbWFpbCI6ImFkbWluQGV4YW1wbGUuY29tIiwiaGFzaGVkX3Bhc3N3b3JkIjoiJDJiJDEyJFpYVlRnUmswbzJvTkVtQ3pVSUVudC50S1VaL1VBZHV6Sm9HSGFmNkZLeW9iczM0SHMvL051IiwiZmlyc3RfbmFtZSI6IkFkbWluIiwiaXNfYXBwcm92ZWQiOnRydWUsImxhc3RfbmFtZSI6IlVzZXIiLCJpZCI6ImIzNWJhNzRhLWIwNWYtNDg2Ny1hNjkwLWE3YTllYzk4ZDQ1NiIsInJvbGUiOiJhZG1pbiIsImV4cCI6MTc0NDgxMjYzMX0.rnZkWzcuuJo-XLMavphbWZXnvjdgcYNnnbFyfBS5POE
2025-04-01 16:12:58,638 DEBUG {'email': 'admin@example.com', 'hashed_password': '$2b$12$ZXVTgRk0o2oNEmCzUIEnt.tKUZ/UAduzJoGHaf6FKyobs34Hs//Nu', 'first_name': 'Admin', 'is_approved': True, 'last_name': 'User', 'id': 'b35ba74a-b05f-4867-a690-a7a9ec98d456', 'role': 'admin', 'exp': 1744812631}
2025-04-01 16:12:58,658 DEBUG last_name='User' id=UUID('b35ba74a-b05f-4867-a690-a7a9ec98d456') role='admin' email='admin@example.com' hashed_password='$2b$12$ZXVTgRk0o2oNEmCzUIEnt.tKUZ/UAduzJoGHaf6FKyobs34Hs//Nu' first_name='Admin' is_approved=True salt=b'$2b$12$ZXVTgRk0o2oNEmCzUIEnt.'
2025-04-01 16:12:58,658 DEBUG eyJhbGciOiJIUzI1NiIsInR5cCI6IkpXVCJ9.eyJlbWFpbCI6ImFkbWluQGV4YW1wbGUuY29tIiwiaGFzaGVkX3Bhc3N3b3JkIjoiJDJiJDEyJFpYVlRnUmswbzJvTkVtQ3pVSUVudC50S1VaL1VBZHV6Sm9HSGFmNkZLeW9iczM0SHMvL051IiwiZmlyc3RfbmFtZSI6IkFkbWluIiwiaXNfYXBwcm92ZWQiOnRydWUsImxhc3RfbmFtZSI6IlVzZXIiLCJpZCI6ImIzNWJhNzRhLWIwNWYtNDg2Ny1hNjkwLWE3YTllYzk4ZDQ1NiIsInJvbGUiOiJhZG1pbiIsImV4cCI6MTc0NDgxMjYzMX0.rnZkWzcuuJo-XLMavphbWZXnvjdgcYNnnbFyfBS5POE
2025-04-01 16:13:13,576 DEBUG {'email': 'admin@example.com', 'hashed_password': '$2b$12$ZXVTgRk0o2oNEmCzUIEnt.tKUZ/UAduzJoGHaf6FKyobs34Hs//Nu', 'first_name': 'Admin', 'is_approved': True, 'last_name': 'User', 'id': 'b35ba74a-b05f-4867-a690-a7a9ec98d456', 'role': 'admin', 'exp': 1744812631}
2025-04-01 16:13:13,587 DEBUG first_name='Admin' email='admin@example.com' hashed_password='$2b$12$ZXVTgRk0o2oNEmCzUIEnt.tKUZ/UAduzJoGHaf6FKyobs34Hs//Nu' is_approved=True salt=b'$2b$12$ZXVTgRk0o2oNEmCzUIEnt.' last_name='User' id=UUID('b35ba74a-b05f-4867-a690-a7a9ec98d456') role='admin'
2025-04-01 16:13:13,588 DEBUG eyJhbGciOiJIUzI1NiIsInR5cCI6IkpXVCJ9.eyJlbWFpbCI6ImFkbWluQGV4YW1wbGUuY29tIiwiaGFzaGVkX3Bhc3N3b3JkIjoiJDJiJDEyJFpYVlRnUmswbzJvTkVtQ3pVSUVudC50S1VaL1VBZHV6Sm9HSGFmNkZLeW9iczM0SHMvL051IiwiZmlyc3RfbmFtZSI6IkFkbWluIiwiaXNfYXBwcm92ZWQiOnRydWUsImxhc3RfbmFtZSI6IlVzZXIiLCJpZCI6ImIzNWJhNzRhLWIwNWYtNDg2Ny1hNjkwLWE3YTllYzk4ZDQ1NiIsInJvbGUiOiJhZG1pbiIsImV4cCI6MTc0NDgxMjYzMX0.rnZkWzcuuJo-XLMavphbWZXnvjdgcYNnnbFyfBS5POE
2025-04-01 16:13:50,187 DEBUG {'email': 'admin@example.com', 'hashed_password': '$2b$12$ZXVTgRk0o2oNEmCzUIEnt.tKUZ/UAduzJoGHaf6FKyobs34Hs//Nu', 'first_name': 'Admin', 'is_approved': True, 'last_name': 'User', 'id': 'b35ba74a-b05f-4867-a690-a7a9ec98d456', 'role': 'admin', 'exp': 1744812631}
2025-04-01 16:13:50,207 DEBUG last_name='User' id=UUID('b35ba74a-b05f-4867-a690-a7a9ec98d456') role='admin' email='admin@example.com' hashed_password='$2b$12$ZXVTgRk0o2oNEmCzUIEnt.tKUZ/UAduzJoGHaf6FKyobs34Hs//Nu' first_name='Admin' is_approved=True salt=b'$2b$12$ZXVTgRk0o2oNEmCzUIEnt.'
2025-04-01 16:13:50,207 DEBUG eyJhbGciOiJIUzI1NiIsInR5cCI6IkpXVCJ9.eyJlbWFpbCI6ImFkbWluQGV4YW1wbGUuY29tIiwiaGFzaGVkX3Bhc3N3b3JkIjoiJDJiJDEyJFpYVlRnUmswbzJvTkVtQ3pVSUVudC50S1VaL1VBZHV6Sm9HSGFmNkZLeW9iczM0SHMvL051IiwiZmlyc3RfbmFtZSI6IkFkbWluIiwiaXNfYXBwcm92ZWQiOnRydWUsImxhc3RfbmFtZSI6IlVzZXIiLCJpZCI6ImIzNWJhNzRhLWIwNWYtNDg2Ny1hNjkwLWE3YTllYzk4ZDQ1NiIsInJvbGUiOiJhZG1pbiIsImV4cCI6MTc0NDgxMjYzMX0.rnZkWzcuuJo-XLMavphbWZXnvjdgcYNnnbFyfBS5POE
2025-04-01 16:13:50,211 INFO 'str' object has no attribute 'credentials'
2025-04-01 16:15:15,264 DEBUG {'first_name': 'Admin', 'email': 'admin@example.com', 'hashed_password': '$2b$12$ZXVTgRk0o2oNEmCzUIEnt.tKUZ/UAduzJoGHaf6FKyobs34Hs//Nu', 'is_approved': True, 'last_name': 'User', 'id': 'b35ba74a-b05f-4867-a690-a7a9ec98d456', 'role': 'admin', 'exp': datetime.datetime(2025, 4, 16, 14, 15, 15, 264868)}
2025-04-01 16:15:34,754 DEBUG {'email': 'admin@example.com', 'hashed_password': '$2b$12$ZXVTgRk0o2oNEmCzUIEnt.tKUZ/UAduzJoGHaf6FKyobs34Hs//Nu', 'first_name': 'Admin', 'is_approved': True, 'last_name': 'User', 'id': 'b35ba74a-b05f-4867-a690-a7a9ec98d456', 'role': 'admin', 'exp': 1744812631}
2025-04-01 16:15:34,756 DEBUG first_name='Admin' email='admin@example.com' hashed_password='$2b$12$ZXVTgRk0o2oNEmCzUIEnt.tKUZ/UAduzJoGHaf6FKyobs34Hs//Nu' is_approved=True salt=b'$2b$12$ZXVTgRk0o2oNEmCzUIEnt.' last_name='User' id=UUID('b35ba74a-b05f-4867-a690-a7a9ec98d456') role='admin'
2025-04-01 16:15:34,756 DEBUG eyJhbGciOiJIUzI1NiIsInR5cCI6IkpXVCJ9.eyJlbWFpbCI6ImFkbWluQGV4YW1wbGUuY29tIiwiaGFzaGVkX3Bhc3N3b3JkIjoiJDJiJDEyJFpYVlRnUmswbzJvTkVtQ3pVSUVudC50S1VaL1VBZHV6Sm9HSGFmNkZLeW9iczM0SHMvL051IiwiZmlyc3RfbmFtZSI6IkFkbWluIiwiaXNfYXBwcm92ZWQiOnRydWUsImxhc3RfbmFtZSI6IlVzZXIiLCJpZCI6ImIzNWJhNzRhLWIwNWYtNDg2Ny1hNjkwLWE3YTllYzk4ZDQ1NiIsInJvbGUiOiJhZG1pbiIsImV4cCI6MTc0NDgxMjYzMX0.rnZkWzcuuJo-XLMavphbWZXnvjdgcYNnnbFyfBS5POE
2025-04-01 16:15:34,759 INFO 'str' object has no attribute 'credentials'
2025-04-01 16:15:52,794 DEBUG {'email': 'admin@example.com', 'hashed_password': '$2b$12$ZXVTgRk0o2oNEmCzUIEnt.tKUZ/UAduzJoGHaf6FKyobs34Hs//Nu', 'first_name': 'Admin', 'is_approved': True, 'last_name': 'User', 'id': 'b35ba74a-b05f-4867-a690-a7a9ec98d456', 'role': 'admin', 'exp': 1744812631}
2025-04-01 16:15:52,813 DEBUG first_name='Admin' email='admin@example.com' hashed_password='$2b$12$ZXVTgRk0o2oNEmCzUIEnt.tKUZ/UAduzJoGHaf6FKyobs34Hs//Nu' is_approved=True salt=b'$2b$12$ZXVTgRk0o2oNEmCzUIEnt.' id=UUID('b35ba74a-b05f-4867-a690-a7a9ec98d456') last_name='User' role='admin'
2025-04-01 16:15:52,813 DEBUG eyJhbGciOiJIUzI1NiIsInR5cCI6IkpXVCJ9.eyJlbWFpbCI6ImFkbWluQGV4YW1wbGUuY29tIiwiaGFzaGVkX3Bhc3N3b3JkIjoiJDJiJDEyJFpYVlRnUmswbzJvTkVtQ3pVSUVudC50S1VaL1VBZHV6Sm9HSGFmNkZLeW9iczM0SHMvL051IiwiZmlyc3RfbmFtZSI6IkFkbWluIiwiaXNfYXBwcm92ZWQiOnRydWUsImxhc3RfbmFtZSI6IlVzZXIiLCJpZCI6ImIzNWJhNzRhLWIwNWYtNDg2Ny1hNjkwLWE3YTllYzk4ZDQ1NiIsInJvbGUiOiJhZG1pbiIsImV4cCI6MTc0NDgxMjYzMX0.rnZkWzcuuJo-XLMavphbWZXnvjdgcYNnnbFyfBS5POE
2025-04-01 16:15:52,816 ERROR 'str' object has no attribute 'credentials'
2025-04-01 16:17:40,060 DEBUG {'email': 'admin@example.com', 'hashed_password': '$2b$12$ZXVTgRk0o2oNEmCzUIEnt.tKUZ/UAduzJoGHaf6FKyobs34Hs//Nu', 'first_name': 'Admin', 'is_approved': True, 'last_name': 'User', 'id': 'b35ba74a-b05f-4867-a690-a7a9ec98d456', 'role': 'admin', 'exp': 1744812631}
2025-04-01 16:17:40,073 DEBUG first_name='Admin' email='admin@example.com' hashed_password='$2b$12$ZXVTgRk0o2oNEmCzUIEnt.tKUZ/UAduzJoGHaf6FKyobs34Hs//Nu' is_approved=True salt=b'$2b$12$ZXVTgRk0o2oNEmCzUIEnt.' last_name='User' id=UUID('b35ba74a-b05f-4867-a690-a7a9ec98d456') role='admin'
2025-04-01 16:17:40,073 DEBUG eyJhbGciOiJIUzI1NiIsInR5cCI6IkpXVCJ9.eyJlbWFpbCI6ImFkbWluQGV4YW1wbGUuY29tIiwiaGFzaGVkX3Bhc3N3b3JkIjoiJDJiJDEyJFpYVlRnUmswbzJvTkVtQ3pVSUVudC50S1VaL1VBZHV6Sm9HSGFmNkZLeW9iczM0SHMvL051IiwiZmlyc3RfbmFtZSI6IkFkbWluIiwiaXNfYXBwcm92ZWQiOnRydWUsImxhc3RfbmFtZSI6IlVzZXIiLCJpZCI6ImIzNWJhNzRhLWIwNWYtNDg2Ny1hNjkwLWE3YTllYzk4ZDQ1NiIsInJvbGUiOiJhZG1pbiIsImV4cCI6MTc0NDgxMjYzMX0.rnZkWzcuuJo-XLMavphbWZXnvjdgcYNnnbFyfBS5POE
2025-04-01 16:17:40,077 ERROR 'str' object has no attribute 'credentials'
2025-04-01 16:17:55,218 DEBUG {'email': 'admin@example.com', 'hashed_password': '$2b$12$ZXVTgRk0o2oNEmCzUIEnt.tKUZ/UAduzJoGHaf6FKyobs34Hs//Nu', 'first_name': 'Admin', 'is_approved': True, 'last_name': 'User', 'id': 'b35ba74a-b05f-4867-a690-a7a9ec98d456', 'role': 'admin', 'exp': 1744812631}
2025-04-01 16:17:55,236 DEBUG first_name='Admin' email='admin@example.com' hashed_password='$2b$12$ZXVTgRk0o2oNEmCzUIEnt.tKUZ/UAduzJoGHaf6FKyobs34Hs//Nu' is_approved=True salt=b'$2b$12$ZXVTgRk0o2oNEmCzUIEnt.' last_name='User' id=UUID('b35ba74a-b05f-4867-a690-a7a9ec98d456') role='admin'
2025-04-01 16:17:55,236 DEBUG eyJhbGciOiJIUzI1NiIsInR5cCI6IkpXVCJ9.eyJlbWFpbCI6ImFkbWluQGV4YW1wbGUuY29tIiwiaGFzaGVkX3Bhc3N3b3JkIjoiJDJiJDEyJFpYVlRnUmswbzJvTkVtQ3pVSUVudC50S1VaL1VBZHV6Sm9HSGFmNkZLeW9iczM0SHMvL051IiwiZmlyc3RfbmFtZSI6IkFkbWluIiwiaXNfYXBwcm92ZWQiOnRydWUsImxhc3RfbmFtZSI6IlVzZXIiLCJpZCI6ImIzNWJhNzRhLWIwNWYtNDg2Ny1hNjkwLWE3YTllYzk4ZDQ1NiIsInJvbGUiOiJhZG1pbiIsImV4cCI6MTc0NDgxMjYzMX0.rnZkWzcuuJo-XLMavphbWZXnvjdgcYNnnbFyfBS5POE
2025-04-01 16:17:55,240 ERROR 'str' object has no attribute 'credentials'
2025-04-01 16:20:14,722 INFO Invalid token type. Token must be a <class 'bytes'>
2025-04-01 16:26:18,450 DEBUG {'email': 'admin@example.com', 'hashed_password': '$2b$12$ZXVTgRk0o2oNEmCzUIEnt.tKUZ/UAduzJoGHaf6FKyobs34Hs//Nu', 'first_name': 'Admin', 'is_approved': True, 'last_name': 'User', 'id': 'b35ba74a-b05f-4867-a690-a7a9ec98d456', 'role': 'admin', 'exp': 1744812631}
2025-04-01 16:26:18,469 DEBUG last_name='User' id=UUID('b35ba74a-b05f-4867-a690-a7a9ec98d456') role='admin' hashed_password='$2b$12$ZXVTgRk0o2oNEmCzUIEnt.tKUZ/UAduzJoGHaf6FKyobs34Hs//Nu' email='admin@example.com' first_name='Admin' is_approved=True salt=b'$2b$12$ZXVTgRk0o2oNEmCzUIEnt.'
2025-04-01 16:26:18,469 DEBUG eyJhbGciOiJIUzI1NiIsInR5cCI6IkpXVCJ9.eyJlbWFpbCI6ImFkbWluQGV4YW1wbGUuY29tIiwiaGFzaGVkX3Bhc3N3b3JkIjoiJDJiJDEyJFpYVlRnUmswbzJvTkVtQ3pVSUVudC50S1VaL1VBZHV6Sm9HSGFmNkZLeW9iczM0SHMvL051IiwiZmlyc3RfbmFtZSI6IkFkbWluIiwiaXNfYXBwcm92ZWQiOnRydWUsImxhc3RfbmFtZSI6IlVzZXIiLCJpZCI6ImIzNWJhNzRhLWIwNWYtNDg2Ny1hNjkwLWE3YTllYzk4ZDQ1NiIsInJvbGUiOiJhZG1pbiIsImV4cCI6MTc0NDgxMjYzMX0.rnZkWzcuuJo-XLMavphbWZXnvjdgcYNnnbFyfBS5POE
2025-04-01 16:26:18,473 DEBUG {'email': 'admin@example.com', 'hashed_password': '$2b$12$ZXVTgRk0o2oNEmCzUIEnt.tKUZ/UAduzJoGHaf6FKyobs34Hs//Nu', 'first_name': 'Admin', 'is_approved': True, 'last_name': 'User', 'id': 'b35ba74a-b05f-4867-a690-a7a9ec98d456', 'role': 'admin', 'exp': 1744812631}
2025-04-01 16:26:18,475 DEBUG last_name='User' id=UUID('b35ba74a-b05f-4867-a690-a7a9ec98d456') role='admin' hashed_password='$2b$12$ZXVTgRk0o2oNEmCzUIEnt.tKUZ/UAduzJoGHaf6FKyobs34Hs//Nu' email='admin@example.com' first_name='Admin' is_approved=True salt=b'$2b$12$ZXVTgRk0o2oNEmCzUIEnt.'
2025-04-01 16:27:43,344 DEBUG {'email': 'admin@example.com', 'hashed_password': '$2b$12$ZXVTgRk0o2oNEmCzUIEnt.tKUZ/UAduzJoGHaf6FKyobs34Hs//Nu', 'first_name': 'Admin', 'is_approved': True, 'last_name': 'User', 'id': 'b35ba74a-b05f-4867-a690-a7a9ec98d456', 'role': 'admin', 'exp': 1744812631}
2025-04-01 16:27:43,357 DEBUG first_name='Admin' hashed_password='$2b$12$ZXVTgRk0o2oNEmCzUIEnt.tKUZ/UAduzJoGHaf6FKyobs34Hs//Nu' email='admin@example.com' is_approved=True salt=b'$2b$12$ZXVTgRk0o2oNEmCzUIEnt.' last_name='User' id=UUID('b35ba74a-b05f-4867-a690-a7a9ec98d456') role='admin'
2025-04-01 16:27:43,357 DEBUG eyJhbGciOiJIUzI1NiIsInR5cCI6IkpXVCJ9.eyJlbWFpbCI6ImFkbWluQGV4YW1wbGUuY29tIiwiaGFzaGVkX3Bhc3N3b3JkIjoiJDJiJDEyJFpYVlRnUmswbzJvTkVtQ3pVSUVudC50S1VaL1VBZHV6Sm9HSGFmNkZLeW9iczM0SHMvL051IiwiZmlyc3RfbmFtZSI6IkFkbWluIiwiaXNfYXBwcm92ZWQiOnRydWUsImxhc3RfbmFtZSI6IlVzZXIiLCJpZCI6ImIzNWJhNzRhLWIwNWYtNDg2Ny1hNjkwLWE3YTllYzk4ZDQ1NiIsInJvbGUiOiJhZG1pbiIsImV4cCI6MTc0NDgxMjYzMX0.rnZkWzcuuJo-XLMavphbWZXnvjdgcYNnnbFyfBS5POE
2025-04-01 16:27:43,362 DEBUG {'email': 'admin@example.com', 'hashed_password': '$2b$12$ZXVTgRk0o2oNEmCzUIEnt.tKUZ/UAduzJoGHaf6FKyobs34Hs//Nu', 'first_name': 'Admin', 'is_approved': True, 'last_name': 'User', 'id': 'b35ba74a-b05f-4867-a690-a7a9ec98d456', 'role': 'admin', 'exp': 1744812631}
2025-04-01 16:27:43,365 DEBUG first_name='Admin' hashed_password='$2b$12$ZXVTgRk0o2oNEmCzUIEnt.tKUZ/UAduzJoGHaf6FKyobs34Hs//Nu' email='admin@example.com' is_approved=True salt=b'$2b$12$ZXVTgRk0o2oNEmCzUIEnt.' last_name='User' id=UUID('b35ba74a-b05f-4867-a690-a7a9ec98d456') role='admin'
2025-04-01 16:28:33,752 INFO Registered new user: pulcovamon@gmail.com
2025-04-01 16:28:56,925 DEBUG ce070a29-8275-4559-a318-837bd57cb2ab
2025-04-01 16:28:56,925 DEBUG {'first_name': 'monika', 'hashed_password': '$2b$12$q73GxdPtwxQp6CEJrIZbcelykQ55RsstvkbcSDisSkuhg1Ek6ICKe', 'email': 'pulcovamon@gmail.com', 'is_approved': False, 'last_name': 'pulcova', 'id': 'ce070a29-8275-4559-a318-837bd57cb2ab', 'role': 'user', 'exp': datetime.datetime(2025, 4, 16, 14, 28, 56, 925562)}
2025-04-01 17:06:21,502 DEBUG b35ba74a-b05f-4867-a690-a7a9ec98d456
2025-04-01 17:06:21,502 DEBUG {'email': 'admin@example.com', 'hashed_password': '$2b$12$ZXVTgRk0o2oNEmCzUIEnt.tKUZ/UAduzJoGHaf6FKyobs34Hs//Nu', 'first_name': 'Admin', 'is_approved': True, 'last_name': 'User', 'id': 'b35ba74a-b05f-4867-a690-a7a9ec98d456', 'role': 'admin', 'exp': datetime.datetime(2025, 4, 16, 15, 6, 21, 502141)}
2025-04-01 17:06:35,497 DEBUG {'email': 'admin@example.com', 'hashed_password': '$2b$12$ZXVTgRk0o2oNEmCzUIEnt.tKUZ/UAduzJoGHaf6FKyobs34Hs//Nu', 'first_name': 'Admin', 'is_approved': True, 'last_name': 'User', 'id': 'b35ba74a-b05f-4867-a690-a7a9ec98d456', 'role': 'admin', 'exp': 1744815981}
2025-04-01 17:06:35,500 DEBUG email='admin@example.com' hashed_password='$2b$12$ZXVTgRk0o2oNEmCzUIEnt.tKUZ/UAduzJoGHaf6FKyobs34Hs//Nu' first_name='Admin' is_approved=True salt=b'$2b$12$ZXVTgRk0o2oNEmCzUIEnt.' last_name='User' id=UUID('b35ba74a-b05f-4867-a690-a7a9ec98d456') role='admin'
2025-04-01 17:06:35,500 DEBUG eyJhbGciOiJIUzI1NiIsInR5cCI6IkpXVCJ9.eyJlbWFpbCI6ImFkbWluQGV4YW1wbGUuY29tIiwiaGFzaGVkX3Bhc3N3b3JkIjoiJDJiJDEyJFpYVlRnUmswbzJvTkVtQ3pVSUVudC50S1VaL1VBZHV6Sm9HSGFmNkZLeW9iczM0SHMvL051IiwiZmlyc3RfbmFtZSI6IkFkbWluIiwiaXNfYXBwcm92ZWQiOnRydWUsImxhc3RfbmFtZSI6IlVzZXIiLCJpZCI6ImIzNWJhNzRhLWIwNWYtNDg2Ny1hNjkwLWE3YTllYzk4ZDQ1NiIsInJvbGUiOiJhZG1pbiIsImV4cCI6MTc0NDgxNTk4MX0.UxwBJnMKZyL13Z7-v1S24PA_mQi-CguQP4XnBNf4cKg
2025-04-01 17:06:35,503 DEBUG {'email': 'admin@example.com', 'hashed_password': '$2b$12$ZXVTgRk0o2oNEmCzUIEnt.tKUZ/UAduzJoGHaf6FKyobs34Hs//Nu', 'first_name': 'Admin', 'is_approved': True, 'last_name': 'User', 'id': 'b35ba74a-b05f-4867-a690-a7a9ec98d456', 'role': 'admin', 'exp': 1744815981}
2025-04-01 17:06:35,505 DEBUG email='admin@example.com' hashed_password='$2b$12$ZXVTgRk0o2oNEmCzUIEnt.tKUZ/UAduzJoGHaf6FKyobs34Hs//Nu' first_name='Admin' is_approved=True salt=b'$2b$12$ZXVTgRk0o2oNEmCzUIEnt.' last_name='User' id=UUID('b35ba74a-b05f-4867-a690-a7a9ec98d456') role='admin'
2025-04-01 17:07:17,834 DEBUG {'email': 'admin@example.com', 'hashed_password': '$2b$12$ZXVTgRk0o2oNEmCzUIEnt.tKUZ/UAduzJoGHaf6FKyobs34Hs//Nu', 'first_name': 'Admin', 'is_approved': True, 'last_name': 'User', 'id': 'b35ba74a-b05f-4867-a690-a7a9ec98d456', 'role': 'admin', 'exp': 1744815981}
2025-04-01 17:07:17,852 DEBUG id=UUID('b35ba74a-b05f-4867-a690-a7a9ec98d456') last_name='User' role='admin' email='admin@example.com' hashed_password='$2b$12$ZXVTgRk0o2oNEmCzUIEnt.tKUZ/UAduzJoGHaf6FKyobs34Hs//Nu' first_name='Admin' is_approved=True salt=b'$2b$12$ZXVTgRk0o2oNEmCzUIEnt.'
2025-04-01 17:07:17,853 DEBUG eyJhbGciOiJIUzI1NiIsInR5cCI6IkpXVCJ9.eyJlbWFpbCI6ImFkbWluQGV4YW1wbGUuY29tIiwiaGFzaGVkX3Bhc3N3b3JkIjoiJDJiJDEyJFpYVlRnUmswbzJvTkVtQ3pVSUVudC50S1VaL1VBZHV6Sm9HSGFmNkZLeW9iczM0SHMvL051IiwiZmlyc3RfbmFtZSI6IkFkbWluIiwiaXNfYXBwcm92ZWQiOnRydWUsImxhc3RfbmFtZSI6IlVzZXIiLCJpZCI6ImIzNWJhNzRhLWIwNWYtNDg2Ny1hNjkwLWE3YTllYzk4ZDQ1NiIsInJvbGUiOiJhZG1pbiIsImV4cCI6MTc0NDgxNTk4MX0.UxwBJnMKZyL13Z7-v1S24PA_mQi-CguQP4XnBNf4cKg
2025-04-01 17:07:17,857 DEBUG {'email': 'admin@example.com', 'hashed_password': '$2b$12$ZXVTgRk0o2oNEmCzUIEnt.tKUZ/UAduzJoGHaf6FKyobs34Hs//Nu', 'first_name': 'Admin', 'is_approved': True, 'last_name': 'User', 'id': 'b35ba74a-b05f-4867-a690-a7a9ec98d456', 'role': 'admin', 'exp': 1744815981}
2025-04-01 17:07:17,859 DEBUG id=UUID('b35ba74a-b05f-4867-a690-a7a9ec98d456') last_name='User' role='admin' email='admin@example.com' hashed_password='$2b$12$ZXVTgRk0o2oNEmCzUIEnt.tKUZ/UAduzJoGHaf6FKyobs34Hs//Nu' first_name='Admin' is_approved=True salt=b'$2b$12$ZXVTgRk0o2oNEmCzUIEnt.'
2025-04-01 17:08:36,412 DEBUG {'email': 'admin@example.com', 'hashed_password': '$2b$12$ZXVTgRk0o2oNEmCzUIEnt.tKUZ/UAduzJoGHaf6FKyobs34Hs//Nu', 'first_name': 'Admin', 'is_approved': True, 'last_name': 'User', 'id': 'b35ba74a-b05f-4867-a690-a7a9ec98d456', 'role': 'admin', 'exp': 1744815981}
2025-04-01 17:08:36,432 DEBUG email='admin@example.com' hashed_password='$2b$12$ZXVTgRk0o2oNEmCzUIEnt.tKUZ/UAduzJoGHaf6FKyobs34Hs//Nu' first_name='Admin' is_approved=True salt=b'$2b$12$ZXVTgRk0o2oNEmCzUIEnt.' last_name='User' id=UUID('b35ba74a-b05f-4867-a690-a7a9ec98d456') role='admin'
2025-04-01 17:08:36,433 DEBUG eyJhbGciOiJIUzI1NiIsInR5cCI6IkpXVCJ9.eyJlbWFpbCI6ImFkbWluQGV4YW1wbGUuY29tIiwiaGFzaGVkX3Bhc3N3b3JkIjoiJDJiJDEyJFpYVlRnUmswbzJvTkVtQ3pVSUVudC50S1VaL1VBZHV6Sm9HSGFmNkZLeW9iczM0SHMvL051IiwiZmlyc3RfbmFtZSI6IkFkbWluIiwiaXNfYXBwcm92ZWQiOnRydWUsImxhc3RfbmFtZSI6IlVzZXIiLCJpZCI6ImIzNWJhNzRhLWIwNWYtNDg2Ny1hNjkwLWE3YTllYzk4ZDQ1NiIsInJvbGUiOiJhZG1pbiIsImV4cCI6MTc0NDgxNTk4MX0.UxwBJnMKZyL13Z7-v1S24PA_mQi-CguQP4XnBNf4cKg
2025-04-01 17:08:36,436 DEBUG {'email': 'admin@example.com', 'hashed_password': '$2b$12$ZXVTgRk0o2oNEmCzUIEnt.tKUZ/UAduzJoGHaf6FKyobs34Hs//Nu', 'first_name': 'Admin', 'is_approved': True, 'last_name': 'User', 'id': 'b35ba74a-b05f-4867-a690-a7a9ec98d456', 'role': 'admin', 'exp': 1744815981}
2025-04-01 17:08:36,438 DEBUG email='admin@example.com' hashed_password='$2b$12$ZXVTgRk0o2oNEmCzUIEnt.tKUZ/UAduzJoGHaf6FKyobs34Hs//Nu' first_name='Admin' is_approved=True salt=b'$2b$12$ZXVTgRk0o2oNEmCzUIEnt.' last_name='User' id=UUID('b35ba74a-b05f-4867-a690-a7a9ec98d456') role='admin'
2025-04-01 17:09:28,244 DEBUG {'email': 'admin@example.com', 'hashed_password': '$2b$12$ZXVTgRk0o2oNEmCzUIEnt.tKUZ/UAduzJoGHaf6FKyobs34Hs//Nu', 'first_name': 'Admin', 'is_approved': True, 'last_name': 'User', 'id': 'b35ba74a-b05f-4867-a690-a7a9ec98d456', 'role': 'admin', 'exp': 1744815981}
2025-04-01 17:09:28,254 DEBUG id=UUID('b35ba74a-b05f-4867-a690-a7a9ec98d456') last_name='User' role='admin' hashed_password='$2b$12$ZXVTgRk0o2oNEmCzUIEnt.tKUZ/UAduzJoGHaf6FKyobs34Hs//Nu' email='admin@example.com' first_name='Admin' is_approved=True salt=b'$2b$12$ZXVTgRk0o2oNEmCzUIEnt.'
2025-04-01 17:09:28,254 DEBUG eyJhbGciOiJIUzI1NiIsInR5cCI6IkpXVCJ9.eyJlbWFpbCI6ImFkbWluQGV4YW1wbGUuY29tIiwiaGFzaGVkX3Bhc3N3b3JkIjoiJDJiJDEyJFpYVlRnUmswbzJvTkVtQ3pVSUVudC50S1VaL1VBZHV6Sm9HSGFmNkZLeW9iczM0SHMvL051IiwiZmlyc3RfbmFtZSI6IkFkbWluIiwiaXNfYXBwcm92ZWQiOnRydWUsImxhc3RfbmFtZSI6IlVzZXIiLCJpZCI6ImIzNWJhNzRhLWIwNWYtNDg2Ny1hNjkwLWE3YTllYzk4ZDQ1NiIsInJvbGUiOiJhZG1pbiIsImV4cCI6MTc0NDgxNTk4MX0.UxwBJnMKZyL13Z7-v1S24PA_mQi-CguQP4XnBNf4cKg
2025-04-01 17:09:28,259 DEBUG {'email': 'admin@example.com', 'hashed_password': '$2b$12$ZXVTgRk0o2oNEmCzUIEnt.tKUZ/UAduzJoGHaf6FKyobs34Hs//Nu', 'first_name': 'Admin', 'is_approved': True, 'last_name': 'User', 'id': 'b35ba74a-b05f-4867-a690-a7a9ec98d456', 'role': 'admin', 'exp': 1744815981}
2025-04-01 17:09:28,262 DEBUG id=UUID('b35ba74a-b05f-4867-a690-a7a9ec98d456') last_name='User' role='admin' hashed_password='$2b$12$ZXVTgRk0o2oNEmCzUIEnt.tKUZ/UAduzJoGHaf6FKyobs34Hs//Nu' email='admin@example.com' first_name='Admin' is_approved=True salt=b'$2b$12$ZXVTgRk0o2oNEmCzUIEnt.'
2025-04-01 17:23:02,128 INFO Registered new user: user@example.com
2025-04-01 17:24:07,169 INFO Registered new user: string@example.com
2025-04-01 17:24:14,320 DEBUG {'email': 'admin@example.com', 'hashed_password': '$2b$12$ZXVTgRk0o2oNEmCzUIEnt.tKUZ/UAduzJoGHaf6FKyobs34Hs//Nu', 'first_name': 'Admin', 'is_approved': True, 'last_name': 'User', 'id': 'b35ba74a-b05f-4867-a690-a7a9ec98d456', 'role': 'admin', 'exp': 1744815981}
2025-04-01 17:24:14,322 DEBUG email='admin@example.com' hashed_password='$2b$12$ZXVTgRk0o2oNEmCzUIEnt.tKUZ/UAduzJoGHaf6FKyobs34Hs//Nu' first_name='Admin' is_approved=True salt=b'$2b$12$ZXVTgRk0o2oNEmCzUIEnt.' id=UUID('b35ba74a-b05f-4867-a690-a7a9ec98d456') last_name='User' role='admin'
2025-04-01 17:24:14,322 DEBUG eyJhbGciOiJIUzI1NiIsInR5cCI6IkpXVCJ9.eyJlbWFpbCI6ImFkbWluQGV4YW1wbGUuY29tIiwiaGFzaGVkX3Bhc3N3b3JkIjoiJDJiJDEyJFpYVlRnUmswbzJvTkVtQ3pVSUVudC50S1VaL1VBZHV6Sm9HSGFmNkZLeW9iczM0SHMvL051IiwiZmlyc3RfbmFtZSI6IkFkbWluIiwiaXNfYXBwcm92ZWQiOnRydWUsImxhc3RfbmFtZSI6IlVzZXIiLCJpZCI6ImIzNWJhNzRhLWIwNWYtNDg2Ny1hNjkwLWE3YTllYzk4ZDQ1NiIsInJvbGUiOiJhZG1pbiIsImV4cCI6MTc0NDgxNTk4MX0.UxwBJnMKZyL13Z7-v1S24PA_mQi-CguQP4XnBNf4cKg
2025-04-01 17:24:14,325 DEBUG {'email': 'admin@example.com', 'hashed_password': '$2b$12$ZXVTgRk0o2oNEmCzUIEnt.tKUZ/UAduzJoGHaf6FKyobs34Hs//Nu', 'first_name': 'Admin', 'is_approved': True, 'last_name': 'User', 'id': 'b35ba74a-b05f-4867-a690-a7a9ec98d456', 'role': 'admin', 'exp': 1744815981}
2025-04-01 17:24:14,327 DEBUG email='admin@example.com' hashed_password='$2b$12$ZXVTgRk0o2oNEmCzUIEnt.tKUZ/UAduzJoGHaf6FKyobs34Hs//Nu' first_name='Admin' is_approved=True salt=b'$2b$12$ZXVTgRk0o2oNEmCzUIEnt.' id=UUID('b35ba74a-b05f-4867-a690-a7a9ec98d456') last_name='User' role='admin'
2025-04-01 17:24:32,744 DEBUG {'email': 'admin@example.com', 'hashed_password': '$2b$12$ZXVTgRk0o2oNEmCzUIEnt.tKUZ/UAduzJoGHaf6FKyobs34Hs//Nu', 'first_name': 'Admin', 'is_approved': True, 'last_name': 'User', 'id': 'b35ba74a-b05f-4867-a690-a7a9ec98d456', 'role': 'admin', 'exp': 1744815981}
2025-04-01 17:24:32,746 DEBUG email='admin@example.com' hashed_password='$2b$12$ZXVTgRk0o2oNEmCzUIEnt.tKUZ/UAduzJoGHaf6FKyobs34Hs//Nu' first_name='Admin' is_approved=True salt=b'$2b$12$ZXVTgRk0o2oNEmCzUIEnt.' id=UUID('b35ba74a-b05f-4867-a690-a7a9ec98d456') last_name='User' role='admin'
2025-04-01 17:24:32,746 DEBUG eyJhbGciOiJIUzI1NiIsInR5cCI6IkpXVCJ9.eyJlbWFpbCI6ImFkbWluQGV4YW1wbGUuY29tIiwiaGFzaGVkX3Bhc3N3b3JkIjoiJDJiJDEyJFpYVlRnUmswbzJvTkVtQ3pVSUVudC50S1VaL1VBZHV6Sm9HSGFmNkZLeW9iczM0SHMvL051IiwiZmlyc3RfbmFtZSI6IkFkbWluIiwiaXNfYXBwcm92ZWQiOnRydWUsImxhc3RfbmFtZSI6IlVzZXIiLCJpZCI6ImIzNWJhNzRhLWIwNWYtNDg2Ny1hNjkwLWE3YTllYzk4ZDQ1NiIsInJvbGUiOiJhZG1pbiIsImV4cCI6MTc0NDgxNTk4MX0.UxwBJnMKZyL13Z7-v1S24PA_mQi-CguQP4XnBNf4cKg
2025-04-01 17:24:32,746 DEBUG {'email': 'admin@example.com', 'hashed_password': '$2b$12$ZXVTgRk0o2oNEmCzUIEnt.tKUZ/UAduzJoGHaf6FKyobs34Hs//Nu', 'first_name': 'Admin', 'is_approved': True, 'last_name': 'User', 'id': 'b35ba74a-b05f-4867-a690-a7a9ec98d456', 'role': 'admin', 'exp': 1744815981}
2025-04-01 17:24:32,747 DEBUG email='admin@example.com' hashed_password='$2b$12$ZXVTgRk0o2oNEmCzUIEnt.tKUZ/UAduzJoGHaf6FKyobs34Hs//Nu' first_name='Admin' is_approved=True salt=b'$2b$12$ZXVTgRk0o2oNEmCzUIEnt.' id=UUID('b35ba74a-b05f-4867-a690-a7a9ec98d456') last_name='User' role='admin'
2025-04-01 17:25:01,370 DEBUG {'email': 'admin@example.com', 'hashed_password': '$2b$12$ZXVTgRk0o2oNEmCzUIEnt.tKUZ/UAduzJoGHaf6FKyobs34Hs//Nu', 'first_name': 'Admin', 'is_approved': True, 'last_name': 'User', 'id': 'b35ba74a-b05f-4867-a690-a7a9ec98d456', 'role': 'admin', 'exp': 1744815981}
2025-04-01 17:25:01,372 DEBUG email='admin@example.com' hashed_password='$2b$12$ZXVTgRk0o2oNEmCzUIEnt.tKUZ/UAduzJoGHaf6FKyobs34Hs//Nu' first_name='Admin' is_approved=True salt=b'$2b$12$ZXVTgRk0o2oNEmCzUIEnt.' id=UUID('b35ba74a-b05f-4867-a690-a7a9ec98d456') last_name='User' role='admin'
2025-04-01 17:25:01,372 DEBUG eyJhbGciOiJIUzI1NiIsInR5cCI6IkpXVCJ9.eyJlbWFpbCI6ImFkbWluQGV4YW1wbGUuY29tIiwiaGFzaGVkX3Bhc3N3b3JkIjoiJDJiJDEyJFpYVlRnUmswbzJvTkVtQ3pVSUVudC50S1VaL1VBZHV6Sm9HSGFmNkZLeW9iczM0SHMvL051IiwiZmlyc3RfbmFtZSI6IkFkbWluIiwiaXNfYXBwcm92ZWQiOnRydWUsImxhc3RfbmFtZSI6IlVzZXIiLCJpZCI6ImIzNWJhNzRhLWIwNWYtNDg2Ny1hNjkwLWE3YTllYzk4ZDQ1NiIsInJvbGUiOiJhZG1pbiIsImV4cCI6MTc0NDgxNTk4MX0.UxwBJnMKZyL13Z7-v1S24PA_mQi-CguQP4XnBNf4cKg
2025-04-01 17:25:01,372 DEBUG {'email': 'admin@example.com', 'hashed_password': '$2b$12$ZXVTgRk0o2oNEmCzUIEnt.tKUZ/UAduzJoGHaf6FKyobs34Hs//Nu', 'first_name': 'Admin', 'is_approved': True, 'last_name': 'User', 'id': 'b35ba74a-b05f-4867-a690-a7a9ec98d456', 'role': 'admin', 'exp': 1744815981}
2025-04-01 17:25:01,373 DEBUG email='admin@example.com' hashed_password='$2b$12$ZXVTgRk0o2oNEmCzUIEnt.tKUZ/UAduzJoGHaf6FKyobs34Hs//Nu' first_name='Admin' is_approved=True salt=b'$2b$12$ZXVTgRk0o2oNEmCzUIEnt.' id=UUID('b35ba74a-b05f-4867-a690-a7a9ec98d456') last_name='User' role='admin'
2025-04-01 17:56:30,483 INFO Invalid token type. Token must be a <class 'bytes'>
2025-04-01 18:49:14,266 INFO Invalid token type. Token must be a <class 'bytes'>
2025-04-01 18:49:18,812 INFO Invalid token type. Token must be a <class 'bytes'>
2025-04-01 18:49:25,845 INFO Invalid token type. Token must be a <class 'bytes'>
2025-04-01 18:50:05,189 DEBUG b35ba74a-b05f-4867-a690-a7a9ec98d456
2025-04-01 18:50:05,189 DEBUG {'hashed_password': '$2b$12$ZXVTgRk0o2oNEmCzUIEnt.tKUZ/UAduzJoGHaf6FKyobs34Hs//Nu', 'email': 'admin@example.com', 'last_name': 'User', 'is_approved': True, 'first_name': 'Admin', 'id': 'b35ba74a-b05f-4867-a690-a7a9ec98d456', 'role': 'admin', 'exp': datetime.datetime(2025, 4, 16, 16, 50, 5, 188891)}
2025-04-01 18:50:23,643 DEBUG {'hashed_password': '$2b$12$ZXVTgRk0o2oNEmCzUIEnt.tKUZ/UAduzJoGHaf6FKyobs34Hs//Nu', 'email': 'admin@example.com', 'last_name': 'User', 'is_approved': True, 'first_name': 'Admin', 'id': 'b35ba74a-b05f-4867-a690-a7a9ec98d456', 'role': 'admin', 'exp': 1744822205}
2025-04-01 18:50:23,645 DEBUG hashed_password='$2b$12$ZXVTgRk0o2oNEmCzUIEnt.tKUZ/UAduzJoGHaf6FKyobs34Hs//Nu' email='admin@example.com' last_name='User' is_approved=True salt=b'$2b$12$ZXVTgRk0o2oNEmCzUIEnt.' first_name='Admin' id=UUID('b35ba74a-b05f-4867-a690-a7a9ec98d456') role='admin'
2025-04-01 18:51:21,370 DEBUG {'hashed_password': '$2b$12$ZXVTgRk0o2oNEmCzUIEnt.tKUZ/UAduzJoGHaf6FKyobs34Hs//Nu', 'email': 'admin@example.com', 'last_name': 'User', 'is_approved': True, 'first_name': 'Admin', 'id': 'b35ba74a-b05f-4867-a690-a7a9ec98d456', 'role': 'admin', 'exp': 1744822205}
2025-04-01 18:51:21,371 DEBUG hashed_password='$2b$12$ZXVTgRk0o2oNEmCzUIEnt.tKUZ/UAduzJoGHaf6FKyobs34Hs//Nu' email='admin@example.com' last_name='User' is_approved=True salt=b'$2b$12$ZXVTgRk0o2oNEmCzUIEnt.' first_name='Admin' id=UUID('b35ba74a-b05f-4867-a690-a7a9ec98d456') role='admin'
2025-04-01 18:51:30,774 DEBUG {'hashed_password': '$2b$12$ZXVTgRk0o2oNEmCzUIEnt.tKUZ/UAduzJoGHaf6FKyobs34Hs//Nu', 'email': 'admin@example.com', 'last_name': 'User', 'is_approved': True, 'first_name': 'Admin', 'id': 'b35ba74a-b05f-4867-a690-a7a9ec98d456', 'role': 'admin', 'exp': 1744822205}
2025-04-01 18:51:30,776 DEBUG hashed_password='$2b$12$ZXVTgRk0o2oNEmCzUIEnt.tKUZ/UAduzJoGHaf6FKyobs34Hs//Nu' email='admin@example.com' last_name='User' is_approved=True salt=b'$2b$12$ZXVTgRk0o2oNEmCzUIEnt.' first_name='Admin' id=UUID('b35ba74a-b05f-4867-a690-a7a9ec98d456') role='admin'
2025-04-01 18:53:16,615 DEBUG {'hashed_password': '$2b$12$ZXVTgRk0o2oNEmCzUIEnt.tKUZ/UAduzJoGHaf6FKyobs34Hs//Nu', 'email': 'admin@example.com', 'last_name': 'User', 'is_approved': True, 'first_name': 'Admin', 'id': 'b35ba74a-b05f-4867-a690-a7a9ec98d456', 'role': 'admin', 'exp': 1744822205}
2025-04-01 18:53:16,632 DEBUG last_name='User' email='admin@example.com' hashed_password='$2b$12$ZXVTgRk0o2oNEmCzUIEnt.tKUZ/UAduzJoGHaf6FKyobs34Hs//Nu' is_approved=True salt=b'$2b$12$ZXVTgRk0o2oNEmCzUIEnt.' first_name='Admin' id=UUID('b35ba74a-b05f-4867-a690-a7a9ec98d456') role='admin'
